[orcpub2.com/index.html]
[backblue.gif]
[fade.gif]
[index.html]
[orcpub2.com/css/style.css]
[orcpub2.com/css/compiled/styles.css]
[connect.facebook.net/en_US/sdk.js]
[orcpub2.com/image/spiral.gif]
[orcpub2.com/font-awesome-4.7.0/css/font-awesome.min.css]
[www.google-analytics.com/analytics.js]
[orcpub2.com/index.html]
[orcpub2.com/css/style.css]
[orcpub2.com/image/header-background.jpg]
[orcpub2.com/css/compiled/styles.css]
[connect.facebook.net/en_US/sdk.js]
[orcpub2.com/font-awesome-4.7.0/fonts/fontawesome-webfont3e6e.eot]
[orcpub2.com/font-awesome-4.7.0/fonts/fontawesome-webfontd41d.eot]
[orcpub2.com/font-awesome-4.7.0/fonts/fontawesome-webfont3e6e.woff2]
[orcpub2.com/font-awesome-4.7.0/fonts/fontawesome-webfont3e6e.woff]
[orcpub2.com/font-awesome-4.7.0/fonts/fontawesome-webfont3e6e.ttf]
[orcpub2.com/font-awesome-4.7.0/css/font-awesome.min.css]
[orcpub2.com/font-awesome-4.7.0/fonts/fontawesome-webfont3e6e.svg]
[fonts.googleapis.com/css.6d2d5.delayed]
[orcpub2.com/ABCDEFGHIJKLMNOPQRSTUVWXYZabcdefghijklmnopqrstuvwxyz0123456789+/index.html]
[orcpub2.com/js/compiled/orcpub.js]
[orcpub2.com/font-awesome-4.7.0/fonts/fontawesome-webfont3e6e.svg]
[fonts.gstatic.com/s/opensans/v14/cJZKeOuBrn4kERxqtaUH3aCWcynf_cDxXwCLxiixG1c.f.delayed]
